// Jest Snapshot v1, https://goo.gl/fbAQLP

exports[`HomeComponent should render match snapshot 1`] = `
<div
  id="root2"
>
  <div
    class="container ng-trigger ng-trigger-titleAnimation"
    style="transform:scale(1.2);opacity:1;0:transform;1:opacity;"
  >
    <div
      class="portrait"
    >
      <img
        alt="Logo"
        src="https://s3.eu-west-3.amazonaws.com/medias.cedricmoulard.io/Portrait2015Carre.jpg"
      />
    </div>
    <div
      class="title"
    >
       Cédric Moulard 
    </div>
    <div
      class="subtitle"
    >
      CTO // VP of Software Engineering
    </div>
    <div
      class="link"
    >
      <button
        mat-stroked-button=""
      >
         En savoir (beaucoup) plus 
      </button>
    </div>
  </div>
</div>
`;
