// Jest Snapshot v1, https://goo.gl/fbAQLP

exports[`ExperiencesComponent should render match snapshot 1`] = `
<div
  id="root2"
  ng-version="8.0.0"
>
  <cv-template-ui
    ng-reflect-title="Cédric Moulard"
  >
    <div
      class="container"
    >
      <div
        class="sidebar"
      >
        <div
          template-sidebar=""
        >
          <img
            alt="Logo"
            class="portrait"
            src="/assets/Portrait2015Carre.jpg"
          />
        </div>
      </div>
      <div
        class="content"
      >
        <div
          template-content=""
        >
          
          <cv-experience
            ng-reflect-experience="[object Object]"
          >
            <div
              class="flex"
            >
              <div
                class="summary"
              >
                <div
                  class="date"
                >
                  Fev 2018 - Aujourd'hui
                </div>
                <div>
                  Tech Lead Angular
                </div>
                <div>
                  BPCE
                </div>
              </div>
              <div
                class="description"
              >
                <div
                  _nghost-a-c2=""
                  markdown=""
                  ng-reflect-path="/assets/exp-1.md"
                />
              </div>
            </div>
          </cv-experience>
          <cv-experience
            ng-reflect-experience="[object Object]"
          >
            <div
              class="flex"
            >
              <div
                class="summary"
              >
                <div
                  class="date"
                >
                  Oct 2015 - Jan 2019
                </div>
                <div>
                  CEO
                </div>
                <div>
                  On Sight
                </div>
              </div>
              <div
                class="description"
              >
                <div
                  _nghost-a-c2=""
                  markdown=""
                  ng-reflect-path="/assets/exp-2.md"
                />
              </div>
            </div>
          </cv-experience>
          <cv-experience
            ng-reflect-experience="[object Object]"
          >
            <div
              class="flex"
            >
              <div
                class="summary"
              >
                <div
                  class="date"
                >
                  2011 - 2015
                </div>
                <div>
                  ScrumMaster
                </div>
                <div>
                  Groupe ADSN
                </div>
              </div>
              <div
                class="description"
              >
                <div
                  _nghost-a-c2=""
                  markdown=""
                  ng-reflect-path="/assets/exp-3.md"
                />
              </div>
            </div>
          </cv-experience>
          <cv-experience
            ng-reflect-experience="[object Object]"
          >
            <div
              class="flex"
            >
              <div
                class="summary"
              >
                <div
                  class="date"
                >
                  2009 - 2015
                </div>
                <div>
                  Tech Lead Full Stack
                </div>
                <div>
                  Groupe ADSN
                </div>
              </div>
              <div
                class="description"
              >
                <div
                  _nghost-a-c2=""
                  markdown=""
                  ng-reflect-path="/assets/exp-4.md"
                />
              </div>
            </div>
          </cv-experience>
        </div>
      </div>
    </div>
  </cv-template-ui>
</div>
`;
