// Jest Snapshot v1, https://goo.gl/fbAQLP

exports[`AppComponent should render match snapshot 1`] = `
<div
  id="root2"
  ng-version="8.0.0"
>
  <cv-template-ui
    ng-reflect-title="Cédric Moulard"
  >
    <div
      class="container"
    >
      <div
        class="header"
      >
        <div>
          Gauche
        </div>
        <div>
          Cédric Moulard
        </div>
        <div>
          Droite
        </div>
      </div>
      <div
        class="sidebar"
      >
        <div
          template-sidebar=""
        >
          Sidebar
        </div>
      </div>
      <div
        class="content"
      >
        <div
          template-content=""
        >
          
          <cv-experience
            ng-reflect-experience="[object Object]"
          >
            <div
              class="flex"
            >
              <div
                class="summary"
              >
                <div
                  class="date"
                >
                  Fev 2018 - Aujourd'hui
                </div>
                <div>
                  Tech Lead Angular
                </div>
                <div>
                  BPCE
                </div>
              </div>
              <div
                class="description"
              >
                <div>
                  Une description
                </div>
              </div>
            </div>
          </cv-experience>
          <cv-experience
            ng-reflect-experience="[object Object]"
          >
            <div
              class="flex"
            >
              <div
                class="summary"
              >
                <div
                  class="date"
                >
                  Oct 2015 - Jan 2019
                </div>
                <div>
                  CEO
                </div>
                <div>
                  On Sight
                </div>
              </div>
              <div
                class="description"
              >
                <div>
                  Une description
                </div>
              </div>
            </div>
          </cv-experience>
        </div>
      </div>
      <div
        class="footer"
      >
        <div
          template-footer=""
        >
          Made with ♡ by Jeko
        </div>
      </div>
    </div>
  </cv-template-ui>
</div>
`;
